// Jest Snapshot v1, https://goo.gl/fbAQLP

exports[`test button component 1`] = `
<button
  className="keycap-btn keycap-btn-default"
  which="default"
>
  
  test
</button>
`;
