// Jest Snapshot v1, https://goo.gl/fbAQLP

exports[`test button component 1`] = `null`;
